<?xml version="1.0" ?>
<testsuites disabled="0" errors="0" failures="0" tests="3" time="0.08220317999803228">
	<testsuite disabled="0" errors="0" failures="0" name="schemathesis" skipped="0" tests="3" time="0.08220317999803228" hostname="buildkitsandbox">
		<testcase name="GET /api/health/started" time="0.067259"/>
		<testcase name="GET /api/health/ready" time="0.010407"/>
		<testcase name="GET /api/health/live" time="0.004537"/>
	</testsuite>
</testsuites>
